This is pdfTeX, Version 3.141592653-2.6-1.40.29 (TeX Live 2026) (preloaded format=pdflatex 2026.8.30)  23 SEP 2026 16:04
entering extended mode
 restricted \write18 enabled.
 %&-line parsing enabled.
**main.tex
(./main.tex
LaTeX2e <2026-06-01>
L3 programming layer <2026-08-10>
(/shared/cycle1_iit_perets_prj/users/ilay.kamai/.TinyTeX/texmf-dist/tex/latex/base/article.cls
Document Class: article 2025/01/22 v1.4n Standard LaTeX document class
(/shared/cycle1_iit_perets_prj/users/ilay.kamai/.TinyTeX/texmf-dist/tex/latex/base/size10.clo
File: size10.clo 2025/01/22 v1.4n Standard LaTeX file (size option)
)
\c@part=\count276
\c@section=\count277
\c@subsection=\count278
\c@subsubsection=\count279
\c@paragraph=\count280
\c@subparagraph=\count281
\c@figure=\count282
\c@table=\count283
\abovecaptionskip=\skip49
\belowcaptionskip=\skip50
\bibindent=\dimen150
) (./neurips_2026.sty
Package: neurips_2026 2026-01-29 NeurIPS 2026 submission/camera-ready style file
 (/shared/cycle1_iit_perets_prj/users/ilay.kamai/.TinyTeX/texmf-dist/tex/latex/environ/environ.sty
Package: environ 2014/05/04 v0.3 A new way to define environments
 (/shared/cycle1_iit_perets_prj/users/ilay.kamai/.TinyTeX/texmf-dist/tex/latex/trimspaces/trimspaces.sty
Package: trimspaces 2009/09/17 v1.1 Trim spaces around a token list
)
\@envbody=\toks17
) (/shared/cycle1_iit_perets_prj/users/ilay.kamai/.TinyTeX/texmf-dist/tex/latex/natbib/natbib.sty
Package: natbib 2010/09/13 8.31b (PWD, AO)
\bibhang=\skip51
\bibsep=\skip52
LaTeX Info: Redefining \cite on input line 694.
\c@NAT@ctr=\count284
) (/shared/cycle1_iit_perets_prj/users/ilay.kamai/.TinyTeX/texmf-dist/tex/latex/geometry/geometry.sty
Package: geometry 2026/03/07 v6.0 Page Geometry
 (/shared/cycle1_iit_perets_prj/users/ilay.kamai/.TinyTeX/texmf-dist/tex/latex/graphics/keyval.sty
Package: keyval 2026-05-17 v1.15 key=value parser (DPC)
\KV@toks@=\toks18
) (/shared/cycle1_iit_perets_prj/users/ilay.kamai/.TinyTeX/texmf-dist/tex/generic/iftex/ifvtex.sty
Package: ifvtex 2019/10/25 v1.7 ifvtex legacy package. Use iftex instead.
 (/shared/cycle1_iit_perets_prj/users/ilay.kamai/.TinyTeX/texmf-dist/tex/generic/iftex/iftex.sty
Package: iftex 2024/12/12 v1.0g TeX engine tests
))
\Gm@cnth=\count285
\Gm@cntv=\count286
\c@Gm@tempcnt=\count287
\Gm@bindingoffset=\dimen151
\Gm@wd@mp=\dimen152
\Gm@odd@mp=\dimen153
\Gm@even@mp=\dimen154
\Gm@layoutwidth=\dimen155
\Gm@layoutheight=\dimen156
\Gm@layouthoffset=\dimen157
\Gm@layoutvoffset=\dimen158
\Gm@dimlist=\toks19
)
\@neuripsabovecaptionskip=\skip53
\@neuripsbelowcaptionskip=\skip54
 (/shared/cycle1_iit_perets_prj/users/ilay.kamai/.TinyTeX/texmf-local/tex/latex/lineno/lineno.sty
Package: lineno 2026/03/08 line numbers on paragraphs v5.9
 (/shared/cycle1_iit_perets_prj/users/ilay.kamai/.TinyTeX/texmf-dist/tex/latex/etoolbox/etoolbox.sty
Package: etoolbox 2025/10/02 v2.5m e-TeX tools for LaTeX (JAW)
\etb@tempcnta=\count288
) (/shared/cycle1_iit_perets_prj/users/ilay.kamai/.TinyTeX/texmf-dist/tex/latex/kvoptions/kvoptions.sty
Package: kvoptions 2022-06-15 v3.15 Key value format for package options (HO)
 (/shared/cycle1_iit_perets_prj/users/ilay.kamai/.TinyTeX/texmf-dist/tex/generic/ltxcmds/ltxcmds.sty
Package: ltxcmds 2023-12-04 v1.26 LaTeX kernel commands for general use (HO)
) (/shared/cycle1_iit_perets_prj/users/ilay.kamai/.TinyTeX/texmf-dist/tex/latex/kvsetkeys/kvsetkeys.sty
Package: kvsetkeys 2022-10-05 v1.19 Key value parser (HO)
))
\linenopenalty=\count289
\output=\toks20
\linenoprevgraf=\count290
\linenumbersep=\dimen159
\linenumberwidth=\dimen160
\c@linenumber=\count291
\c@pagewiselinenumber=\count292
\c@LN@truepage=\count293
\c@internallinenumber=\count294
\c@internallinenumbers=\count295
\quotelinenumbersep=\dimen161
\bframerule=\dimen162
\bframesep=\dimen163
\bframebox=\box53
)) (/shared/cycle1_iit_perets_prj/users/ilay.kamai/.TinyTeX/texmf-dist/tex/latex/base/inputenc.sty
Package: inputenc 2024/02/08 v1.3d Input encoding file
\inpenc@prehook=\toks21
\inpenc@posthook=\toks22
) (/shared/cycle1_iit_perets_prj/users/ilay.kamai/.TinyTeX/texmf-dist/tex/latex/base/fontenc.sty
Package: fontenc 2025/07/18 v2.1d Standard LaTeX package
LaTeX Font Info:    Trying to load font information for T1+ptm on input line 116.
 (/shared/cycle1_iit_perets_prj/users/ilay.kamai/.TinyTeX/texmf-dist/tex/latex/psnfss/t1ptm.fd
File: t1ptm.fd 2001/06/04 font definitions for T1/ptm.
)) (/shared/cycle1_iit_perets_prj/users/ilay.kamai/.TinyTeX/texmf-dist/tex/latex/wrapfig/wrapfig.sty
\wrapoverhang=\dimen164
\WF@size=\dimen165
\c@WF@wrappedlines=\count296
\WF@box=\box54
\WF@everypar=\toks23
Package: wrapfig 2003/01/31  v 3.6
) (/shared/cycle1_iit_perets_prj/users/ilay.kamai/.TinyTeX/texmf-dist/tex/latex/placeins/placeins.sty
Package: placeins 2005/04/18  v 2.2
) (./notations.sty (/shared/cycle1_iit_perets_prj/users/ilay.kamai/.TinyTeX/texmf-dist/tex/latex/amsmath/amsmath.sty
Package: amsmath 2026/05/19 v2.18d AMS math features
\@mathmargin=\skip55

For additional information on amsmath, use the `?' option.
(/shared/cycle1_iit_perets_prj/users/ilay.kamai/.TinyTeX/texmf-dist/tex/latex/amsmath/amstext.sty
Package: amstext 2024/11/17 v2.01 AMS text
 (/shared/cycle1_iit_perets_prj/users/ilay.kamai/.TinyTeX/texmf-dist/tex/latex/amsmath/amsgen.sty
File: amsgen.sty 1999/11/30 v2.0 generic functions
\@emptytoks=\toks24
\ex@=\dimen166
)) (/shared/cycle1_iit_perets_prj/users/ilay.kamai/.TinyTeX/texmf-dist/tex/latex/amsmath/amsbsy.sty
Package: amsbsy 1999/11/29 v1.2d Bold Symbols
\pmbraise@=\dimen167
) (/shared/cycle1_iit_perets_prj/users/ilay.kamai/.TinyTeX/texmf-dist/tex/latex/amsmath/amsopn.sty
Package: amsopn 2022/04/08 v2.04 operator names
)
\inf@bad=\count297
LaTeX Info: Redefining \frac on input line 233.
\uproot@=\count298
\leftroot@=\count299
LaTeX Info: Redefining \overline on input line 398.
LaTeX Info: Redefining \colon on input line 409.
\classnum@=\count300
\DOTSCASE@=\count301
LaTeX Info: Redefining \ldots on input line 495.
LaTeX Info: Redefining \dots on input line 498.
LaTeX Info: Redefining \cdots on input line 619.
\Mathstrutbox@=\box55
\strutbox@=\box56
LaTeX Info: Redefining \big on input line 721.
LaTeX Info: Redefining \Big on input line 722.
LaTeX Info: Redefining \bigg on input line 723.
LaTeX Info: Redefining \Bigg on input line 724.
\big@size=\dimen168
LaTeX Font Info:    Redeclaring font encoding OML on input line 742.
LaTeX Font Info:    Redeclaring font encoding OMS on input line 743.
\macc@depth=\count302
LaTeX Info: Redefining \bmod on input line 904.
LaTeX Info: Redefining \pmod on input line 909.
LaTeX Info: Redefining \smash on input line 939.
LaTeX Info: Redefining \relbar on input line 969.
LaTeX Info: Redefining \Relbar on input line 970.
\c@MaxMatrixCols=\count303
\dotsspace@=\muskip17
\c@parentequation=\count304
\dspbrk@lvl=\count305
\tag@help=\toks25
\row@=\count306
\column@=\count307
\maxfields@=\count308
\andhelp@=\toks26
\eqnshift@=\dimen169
\alignsep@=\dimen170
\tagshift@=\dimen171
\tagwidth@=\dimen172
\totwidth@=\dimen173
\lineht@=\dimen174
\@envbody=\toks27
\multlinegap=\skip56
\multlinetaggap=\skip57
\mathdisplay@stack=\toks28
LaTeX Info: Redefining \[ on input line 2965.
LaTeX Info: Redefining \] on input line 2966.
)
\@LN@amsmath@ams@eqpen=\count309
 (/shared/cycle1_iit_perets_prj/users/ilay.kamai/.TinyTeX/texmf-dist/tex/latex/amsfonts/amssymb.sty
Package: amssymb 2013/01/14 v3.01 AMS font symbols
 (/shared/cycle1_iit_perets_prj/users/ilay.kamai/.TinyTeX/texmf-dist/tex/latex/amsfonts/amsfonts.sty
Package: amsfonts 2013/01/14 v3.01 Basic AMSFonts support
\symAMSa=\mathgroup4
\symAMSb=\mathgroup5
LaTeX Font Info:    Redeclaring math symbol \hbar on input line 98.
LaTeX Font Info:    Overwriting math alphabet `\mathfrak' in version `bold'
(Font)                  U/euf/m/n --> U/euf/b/n on input line 106.
)) (/shared/cycle1_iit_perets_prj/users/ilay.kamai/.TinyTeX/texmf-dist/tex/latex/mathtools/mathtools.sty
Package: mathtools 2024/10/04 v1.31 mathematical typesetting tools
 (/shared/cycle1_iit_perets_prj/users/ilay.kamai/.TinyTeX/texmf-dist/tex/latex/tools/calc.sty
Package: calc 2025/03/01 v4.3b Infix arithmetic (KKT,FJ)
\calc@Acount=\count310
\calc@Bcount=\count311
\calc@Adimen=\dimen175
\calc@Bdimen=\dimen176
\calc@Askip=\skip58
\calc@Bskip=\skip59
LaTeX Info: Redefining \setlength on input line 86.
LaTeX Info: Redefining \addtolength on input line 87.
\calc@Ccount=\count312
\calc@Cskip=\skip60
) (/shared/cycle1_iit_perets_prj/users/ilay.kamai/.TinyTeX/texmf-dist/tex/latex/mathtools/mhsetup.sty
Package: mhsetup 2021/03/18 v1.4 programming setup (MH)
)
\g_MT_multlinerow_int=\count313
\l_MT_multwidth_dim=\dimen177
\origjot=\skip61
\l_MT_shortvdotswithinadjustabove_dim=\dimen178
\l_MT_shortvdotswithinadjustbelow_dim=\dimen179
\l_MT_above_intertext_sep=\dimen180
\l_MT_below_intertext_sep=\dimen181
\l_MT_above_shortintertext_sep=\dimen182
\l_MT_below_shortintertext_sep=\dimen183
\xmathstrut@box=\box57
\xmathstrut@dim=\dimen184
) (/shared/cycle1_iit_perets_prj/users/ilay.kamai/.TinyTeX/texmf-dist/tex/latex/amscls/amsthm.sty
Package: amsthm 2020/05/29 v2.20.6
\thm@style=\toks29
\thm@bodyfont=\toks30
\thm@headfont=\toks31
\thm@notefont=\toks32
\thm@headpunct=\toks33
\thm@preskip=\skip62
\thm@postskip=\skip63
\thm@headsep=\skip64
\dth@everypar=\toks34
) (/shared/cycle1_iit_perets_prj/users/ilay.kamai/.TinyTeX/texmf-dist/tex/latex/tools/bm.sty
Package: bm 2025/10/21 v1.2g Bold Symbol Support (DPC/FMi)
\symboldoperators=\mathgroup6
\symboldletters=\mathgroup7
\symboldsymbols=\mathgroup8
Package bm Info: No bold for \OMX/cmex/m/n, using \pmb.
Package bm Info: No bold for \U/msa/m/n, using \pmb.
Package bm Info: No bold for \U/msb/m/n, using \pmb.
LaTeX Font Info:    Redeclaring math alphabet \mathbf on input line 149.
) (/shared/cycle1_iit_perets_prj/users/ilay.kamai/.TinyTeX/texmf-dist/tex/latex/bbm-macros/bbm.sty
Package: bbm 1999/03/15 V 1.2 provides fonts for set symbols - TH
LaTeX Font Info:    Overwriting math alphabet `\mathbbm' in version `bold'
(Font)                  U/bbm/m/n --> U/bbm/bx/n on input line 33.
LaTeX Font Info:    Overwriting math alphabet `\mathbbmss' in version `bold'
(Font)                  U/bbmss/m/n --> U/bbmss/bx/n on input line 35.
) (/shared/cycle1_iit_perets_prj/users/ilay.kamai/.TinyTeX/texmf-dist/tex/latex/scalerel/scalerel.sty
Package: scalerel 2016/12/29 v1.8 Routines for constrained scaling and stretching of objects, relative to a reference object or in absolute terms
 (/shared/cycle1_iit_perets_prj/users/ilay.kamai/.TinyTeX/texmf-dist/tex/latex/graphics/graphicx.sty
Package: graphicx 2026-05-17 v1.2e Enhanced LaTeX Graphics (DPC,SPQR)
 (/shared/cycle1_iit_perets_prj/users/ilay.kamai/.TinyTeX/texmf-dist/tex/latex/graphics/graphics.sty
Package: graphics 2026-05-17 v1.4h Standard LaTeX Graphics (DPC,SPQR)
 (/shared/cycle1_iit_perets_prj/users/ilay.kamai/.TinyTeX/texmf-dist/tex/latex/graphics/trig.sty
Package: trig 2023/12/02 v1.11 sin cos tan (DPC)
) (/shared/cycle1_iit_perets_prj/users/ilay.kamai/.TinyTeX/texmf-dist/tex/latex/graphics-cfg/graphics.cfg
File: graphics.cfg 2016/06/04 v1.11 sample graphics configuration
)
Package graphics Info: Driver file: pdftex.def on input line 106.
 (/shared/cycle1_iit_perets_prj/users/ilay.kamai/.TinyTeX/texmf-dist/tex/latex/graphics-def/pdftex.def
File: pdftex.def 2025/09/29 v1.2d Graphics/color driver for pdftex
))
\Gin@req@height=\dimen185
\Gin@req@width=\dimen186
)
\thesrwidth=\skip65
\thesrheight=\skip66
\srblobheight=\skip67
\srblobdepth=\skip68
\mnxsrwidth=\skip69
\LMex=\skip70
\LMpt=\skip71
) (/shared/cycle1_iit_perets_prj/users/ilay.kamai/.TinyTeX/texmf-dist/tex/latex/nicematrix/nicematrix.sty (/shared/cycle1_iit_perets_prj/users/ilay.kamai/.TinyTeX/texmf-dist/tex/latex/pgf/basiclayer/pgfcore.sty (/shared/cycle1_iit_perets_prj/users/ilay.kamai/.TinyTeX/texmf-dist/tex/latex/pgf/systemlayer/pgfsys.sty (/shared/cycle1_iit_perets_prj/users/ilay.kamai/.TinyTeX/texmf-dist/tex/latex/pgf/utilities/pgfrcs.sty (/shared/cycle1_iit_perets_prj/users/ilay.kamai/.TinyTeX/texmf-dist/tex/generic/pgf/utilities/pgfutil-common.tex
\pgfutil@everybye=\toks35
\pgfutil@tempdima=\dimen187
\pgfutil@tempdimb=\dimen188
) (/shared/cycle1_iit_perets_prj/users/ilay.kamai/.TinyTeX/texmf-dist/tex/generic/pgf/utilities/pgfutil-latex.def
\pgfutil@abb=\box58
) (/shared/cycle1_iit_perets_prj/users/ilay.kamai/.TinyTeX/texmf-dist/tex/generic/pgf/utilities/pgfrcs.code.tex (/shared/cycle1_iit_perets_prj/users/ilay.kamai/.TinyTeX/texmf-dist/tex/generic/pgf/pgf.revision.tex)
Package: pgfrcs 2026-08-01 v3.1.12 (3.1.12)
)) (/shared/cycle1_iit_perets_prj/users/ilay.kamai/.TinyTeX/texmf-dist/tex/generic/pgf/systemlayer/pgfsys.code.tex
Package: pgfsys 2026-08-01 v3.1.12 (3.1.12)
 (/shared/cycle1_iit_perets_prj/users/ilay.kamai/.TinyTeX/texmf-dist/tex/generic/pgf/utilities/pgfkeys.code.tex
\pgfkeys@pathtoks=\toks36
\pgfkeys@temptoks=\toks37
 (/shared/cycle1_iit_perets_prj/users/ilay.kamai/.TinyTeX/texmf-dist/tex/generic/pgf/utilities/pgfkeyslibraryfiltered.code.tex
\pgfkeys@tmptoks=\toks38
))
\pgf@x=\dimen189
\pgf@y=\dimen190
\pgf@xa=\dimen191
\pgf@ya=\dimen192
\pgf@xb=\dimen193
\pgf@yb=\dimen194
\pgf@xc=\dimen195
\pgf@yc=\dimen196
\pgf@xd=\dimen197
\pgf@yd=\dimen198
\w@pgf@writea=\write3
\r@pgf@reada=\read2
\c@pgf@counta=\count314
\c@pgf@countb=\count315
\c@pgf@countc=\count316
\c@pgf@countd=\count317
\t@pgf@toka=\toks39
\t@pgf@tokb=\toks40
\t@pgf@tokc=\toks41
\pgf@sys@id@count=\count318
 (/shared/cycle1_iit_perets_prj/users/ilay.kamai/.TinyTeX/texmf-dist/tex/generic/pgf/systemlayer/pgf.cfg
File: pgf.cfg 2026-08-01 v3.1.12 (3.1.12)
)
Driver file for pgf: pgfsys-pdftex.def
 (/shared/cycle1_iit_perets_prj/users/ilay.kamai/.TinyTeX/texmf-dist/tex/generic/pgf/systemlayer/pgfsys-pdftex.def
File: pgfsys-pdftex.def 2026-08-01 v3.1.12 (3.1.12)
 (/shared/cycle1_iit_perets_prj/users/ilay.kamai/.TinyTeX/texmf-dist/tex/generic/pgf/systemlayer/pgfsys-common-pdf.def
File: pgfsys-common-pdf.def 2026-08-01 v3.1.12 (3.1.12)
))) (/shared/cycle1_iit_perets_prj/users/ilay.kamai/.TinyTeX/texmf-dist/tex/generic/pgf/systemlayer/pgfsyssoftpath.code.tex
File: pgfsyssoftpath.code.tex 2026-08-01 v3.1.12 (3.1.12)
\pgfsyssoftpath@smallbuffer@items=\count319
\pgfsyssoftpath@bigbuffer@items=\count320
) (/shared/cycle1_iit_perets_prj/users/ilay.kamai/.TinyTeX/texmf-dist/tex/generic/pgf/systemlayer/pgfsysprotocol.code.tex
File: pgfsysprotocol.code.tex 2026-08-01 v3.1.12 (3.1.12)
)) (/shared/cycle1_iit_perets_prj/users/ilay.kamai/.TinyTeX/texmf-dist/tex/latex/xcolor/xcolor.sty
Package: xcolor 2024/09/29 v3.02 LaTeX color extensions (UK)
 (/shared/cycle1_iit_perets_prj/users/ilay.kamai/.TinyTeX/texmf-dist/tex/latex/graphics-cfg/color.cfg
File: color.cfg 2016/01/02 v1.6 sample color configuration
)
Package xcolor Info: Driver file: pdftex.def on input line 274.
 (/shared/cycle1_iit_perets_prj/users/ilay.kamai/.TinyTeX/texmf-dist/tex/latex/graphics/mathcolor.ltx)
Package xcolor Info: Model `cmy' substituted by `cmy0' on input line 1349.
Package xcolor Info: Model `hsb' substituted by `rgb' on input line 1353.
Package xcolor Info: Model `RGB' extended on input line 1365.
Package xcolor Info: Model `HTML' substituted by `rgb' on input line 1367.
Package xcolor Info: Model `Hsb' substituted by `hsb' on input line 1368.
Package xcolor Info: Model `tHsb' substituted by `hsb' on input line 1369.
Package xcolor Info: Model `HSB' substituted by `hsb' on input line 1370.
Package xcolor Info: Model `Gray' substituted by `gray' on input line 1371.
Package xcolor Info: Model `wave' substituted by `hsb' on input line 1372.
) (/shared/cycle1_iit_perets_prj/users/ilay.kamai/.TinyTeX/texmf-dist/tex/generic/pgf/basiclayer/pgfcore.code.tex
Package: pgfcore 2026-08-01 v3.1.12 (3.1.12)
 (/shared/cycle1_iit_perets_prj/users/ilay.kamai/.TinyTeX/texmf-dist/tex/generic/pgf/math/pgfmath.code.tex (/shared/cycle1_iit_perets_prj/users/ilay.kamai/.TinyTeX/texmf-dist/tex/generic/pgf/math/pgfmathutil.code.tex) (/shared/cycle1_iit_perets_prj/users/ilay.kamai/.TinyTeX/texmf-dist/tex/generic/pgf/math/pgfmathparser.code.tex
\pgfmath@dimen=\dimen199
\pgfmath@count=\count321
\pgfmath@box=\box59
\pgfmath@toks=\toks42
\pgfmath@stack@operand=\toks43
\pgfmath@stack@operation=\toks44
) (/shared/cycle1_iit_perets_prj/users/ilay.kamai/.TinyTeX/texmf-dist/tex/generic/pgf/math/pgfmathfunctions.code.tex) (/shared/cycle1_iit_perets_prj/users/ilay.kamai/.TinyTeX/texmf-dist/tex/generic/pgf/math/pgfmathfunctions.basic.code.tex) (/shared/cycle1_iit_perets_prj/users/ilay.kamai/.TinyTeX/texmf-dist/tex/generic/pgf/math/pgfmathfunctions.trigonometric.code.tex) (/shared/cycle1_iit_perets_prj/users/ilay.kamai/.TinyTeX/texmf-dist/tex/generic/pgf/math/pgfmathfunctions.random.code.tex) (/shared/cycle1_iit_perets_prj/users/ilay.kamai/.TinyTeX/texmf-dist/tex/generic/pgf/math/pgfmathfunctions.comparison.code.tex) (/shared/cycle1_iit_perets_prj/users/ilay.kamai/.TinyTeX/texmf-dist/tex/generic/pgf/math/pgfmathfunctions.base.code.tex) (/shared/cycle1_iit_perets_prj/users/ilay.kamai/.TinyTeX/texmf-dist/tex/generic/pgf/math/pgfmathfunctions.round.code.tex) (/shared/cycle1_iit_perets_prj/users/ilay.kamai/.TinyTeX/texmf-dist/tex/generic/pgf/math/pgfmathfunctions.misc.code.tex) (/shared/cycle1_iit_perets_prj/users/ilay.kamai/.TinyTeX/texmf-dist/tex/generic/pgf/math/pgfmathfunctions.integerarithmetics.code.tex) (/shared/cycle1_iit_perets_prj/users/ilay.kamai/.TinyTeX/texmf-dist/tex/generic/pgf/math/pgfmathcalc.code.tex) (/shared/cycle1_iit_perets_prj/users/ilay.kamai/.TinyTeX/texmf-dist/tex/generic/pgf/math/pgfmathfloat.code.tex
\c@pgfmathroundto@lastzeros=\count322
)) (/shared/cycle1_iit_perets_prj/users/ilay.kamai/.TinyTeX/texmf-dist/tex/generic/pgf/math/pgfint.code.tex) (/shared/cycle1_iit_perets_prj/users/ilay.kamai/.TinyTeX/texmf-dist/tex/generic/pgf/basiclayer/pgfcorepoints.code.tex
File: pgfcorepoints.code.tex 2026-08-01 v3.1.12 (3.1.12)
\pgf@picminx=\dimen256
\pgf@picmaxx=\dimen257
\pgf@picminy=\dimen258
\pgf@picmaxy=\dimen259
\pgf@pathminx=\dimen260
\pgf@pathmaxx=\dimen261
\pgf@pathminy=\dimen262
\pgf@pathmaxy=\dimen263
\pgf@xx=\dimen264
\pgf@xy=\dimen265
\pgf@yx=\dimen266
\pgf@yy=\dimen267
\pgf@zx=\dimen268
\pgf@zy=\dimen269
) (/shared/cycle1_iit_perets_prj/users/ilay.kamai/.TinyTeX/texmf-dist/tex/generic/pgf/basiclayer/pgfcorepathconstruct.code.tex
File: pgfcorepathconstruct.code.tex 2026-08-01 v3.1.12 (3.1.12)
\pgf@path@lastx=\dimen270
\pgf@path@lasty=\dimen271
) (/shared/cycle1_iit_perets_prj/users/ilay.kamai/.TinyTeX/texmf-dist/tex/generic/pgf/basiclayer/pgfcorepathusage.code.tex
File: pgfcorepathusage.code.tex 2026-08-01 v3.1.12 (3.1.12)
\pgf@shorten@end@additional=\dimen272
\pgf@shorten@start@additional=\dimen273
) (/shared/cycle1_iit_perets_prj/users/ilay.kamai/.TinyTeX/texmf-dist/tex/generic/pgf/basiclayer/pgfcorescopes.code.tex
File: pgfcorescopes.code.tex 2026-08-01 v3.1.12 (3.1.12)
\pgfpic=\box60
\pgf@hbox=\box61
\pgf@layerbox@main=\box62
\pgf@picture@serial@count=\count323
) (/shared/cycle1_iit_perets_prj/users/ilay.kamai/.TinyTeX/texmf-dist/tex/generic/pgf/basiclayer/pgfcoregraphicstate.code.tex
File: pgfcoregraphicstate.code.tex 2026-08-01 v3.1.12 (3.1.12)
\pgflinewidth=\dimen274
) (/shared/cycle1_iit_perets_prj/users/ilay.kamai/.TinyTeX/texmf-dist/tex/generic/pgf/basiclayer/pgfcoretransformations.code.tex
File: pgfcoretransformations.code.tex 2026-08-01 v3.1.12 (3.1.12)
\pgf@pt@x=\dimen275
\pgf@pt@y=\dimen276
\pgf@pt@temp=\dimen277
) (/shared/cycle1_iit_perets_prj/users/ilay.kamai/.TinyTeX/texmf-dist/tex/generic/pgf/basiclayer/pgfcorequick.code.tex
File: pgfcorequick.code.tex 2026-08-01 v3.1.12 (3.1.12)
) (/shared/cycle1_iit_perets_prj/users/ilay.kamai/.TinyTeX/texmf-dist/tex/generic/pgf/basiclayer/pgfcoreobjects.code.tex
File: pgfcoreobjects.code.tex 2026-08-01 v3.1.12 (3.1.12)
) (/shared/cycle1_iit_perets_prj/users/ilay.kamai/.TinyTeX/texmf-dist/tex/generic/pgf/basiclayer/pgfcorepathprocessing.code.tex
File: pgfcorepathprocessing.code.tex 2026-08-01 v3.1.12 (3.1.12)
) (/shared/cycle1_iit_perets_prj/users/ilay.kamai/.TinyTeX/texmf-dist/tex/generic/pgf/basiclayer/pgfcorearrows.code.tex
File: pgfcorearrows.code.tex 2026-08-01 v3.1.12 (3.1.12)
\pgfarrowsep=\dimen278
) (/shared/cycle1_iit_perets_prj/users/ilay.kamai/.TinyTeX/texmf-dist/tex/generic/pgf/basiclayer/pgfcoreshade.code.tex
File: pgfcoreshade.code.tex 2026-08-01 v3.1.12 (3.1.12)
\pgf@max=\dimen279
\pgf@sys@shading@range@num=\count324
\pgf@shadingcount=\count325
) (/shared/cycle1_iit_perets_prj/users/ilay.kamai/.TinyTeX/texmf-dist/tex/generic/pgf/basiclayer/pgfcoreimage.code.tex
File: pgfcoreimage.code.tex 2026-08-01 v3.1.12 (3.1.12)
) (/shared/cycle1_iit_perets_prj/users/ilay.kamai/.TinyTeX/texmf-dist/tex/generic/pgf/basiclayer/pgfcoreexternal.code.tex
File: pgfcoreexternal.code.tex 2026-08-01 v3.1.12 (3.1.12)
\pgfexternal@startupbox=\box63
) (/shared/cycle1_iit_perets_prj/users/ilay.kamai/.TinyTeX/texmf-dist/tex/generic/pgf/basiclayer/pgfcorelayers.code.tex
File: pgfcorelayers.code.tex 2026-08-01 v3.1.12 (3.1.12)
) (/shared/cycle1_iit_perets_prj/users/ilay.kamai/.TinyTeX/texmf-dist/tex/generic/pgf/basiclayer/pgfcoretransparency.code.tex
File: pgfcoretransparency.code.tex 2026-08-01 v3.1.12 (3.1.12)
) (/shared/cycle1_iit_perets_prj/users/ilay.kamai/.TinyTeX/texmf-dist/tex/generic/pgf/basiclayer/pgfcorepatterns.code.tex
File: pgfcorepatterns.code.tex 2026-08-01 v3.1.12 (3.1.12)
) (/shared/cycle1_iit_perets_prj/users/ilay.kamai/.TinyTeX/texmf-dist/tex/generic/pgf/basiclayer/pgfcorerdf.code.tex
File: pgfcorerdf.code.tex 2026-08-01 v3.1.12 (3.1.12)
))) (/shared/cycle1_iit_perets_prj/users/ilay.kamai/.TinyTeX/texmf-dist/tex/generic/pgf/modules/pgfmoduleshapes.code.tex
File: pgfmoduleshapes.code.tex 2026-08-01 v3.1.12 (3.1.12)
\pgfnodeparttextbox=\box64
)
Package: nicematrix 2026/08/25 v7.11b Enhanced arrays with the help of PGF/TikZ
 (/shared/cycle1_iit_perets_prj/users/ilay.kamai/.TinyTeX/texmf-dist/tex/latex/tools/array.sty
Package: array 2026/02/24 v2.7b Tabular extension package (FMi)
\col@sep=\dimen280
\ar@mcellbox=\box65
\extrarowheight=\dimen281
\NC@list=\toks45
\extratabsurround=\skip72
\backup@length=\skip73
\ar@cellbox=\box66
)
\l__nicematrix_tmpc_dim=\dimen282
\l__nicematrix_tmpd_dim=\dimen283
\l__nicematrix_tmpc_int=\count326
\g__nicematrix_env_int=\count327
\l__nicematrix_the_array_box=\box67
\g__nicematrix_NiceMatrixBlock_int=\count328
\g__nicematrix_notes_caption_int=\count329
\l__nicematrix_columns_width_dim=\dimen284
\l__nicematrix_col_width_dim=\dimen285
\g__nicematrix_row_total_int=\count330
\g__nicematrix_col_total_int=\count331
\g__nicematrix_last_row_node_int=\count332
\l__nicematrix_key_nb_rows_int=\count333
\g__nicematrix_blocks_wd_dim=\dimen286
\g__nicematrix_blocks_ht_dim=\dimen287
\g__nicematrix_blocks_dp_dim=\dimen288
\l__nicematrix_width_dim=\dimen289
\l__nicematrix_tabular_width_dim=\dimen290
\l__nicematrix_rule_width_before_dim=\dimen291
\l__nicematrix_rule_width_after_dim=\dimen292
\l__nicematrix_old_iRow_int=\count334
\l__nicematrix_old_jCol_int=\count335
\l__nicematrix_X_columns_dim=\dimen293
\l__nicematrix_x_initial_dim=\dimen294
\l__nicematrix_y_initial_dim=\dimen295
\l__nicematrix_x_final_dim=\dimen296
\l__nicematrix_y_final_dim=\dimen297
\g__nicematrix_dp_row_zero_dim=\dimen298
\g__nicematrix_ht_row_zero_dim=\dimen299
\g__nicematrix_ht_row_one_dim=\dimen300
\g__nicematrix_dp_ante_last_row_dim=\dimen301
\g__nicematrix_ht_last_row_dim=\dimen302
\g__nicematrix_dp_last_row_dim=\dimen303
\g__nicematrix_width_last_col_dim=\dimen304
\g__nicematrix_width_first_col_dim=\dimen305
\l__nicematrix_multiplicity_int=\count336
\g__nicematrix_ddots_int=\count337
\g__nicematrix_iddots_int=\count338
\g__nicematrix_delta_x_one_dim=\dimen306
\g__nicematrix_delta_y_one_dim=\dimen307
\g__nicematrix_delta_x_two_dim=\dimen308
\g__nicematrix_delta_y_two_dim=\dimen309
\l__nicematrix_row_min_int=\count339
\l__nicematrix_row_max_int=\count340
\l__nicematrix_col_min_int=\count341
\l__nicematrix_col_max_int=\count342
\l__nicematrix_initial_i_int=\count343
\l__nicematrix_initial_j_int=\count344
\l__nicematrix_final_i_int=\count345
\l__nicematrix_final_j_int=\count346
\l__nicematrix_segment_start_int=\count347
\l__nicematrix_segment_end_int=\count348
\g__nicematrix_static_num_of_col_int=\count349
\g__nicematrix_block_box_int=\count350
\l__nicematrix_first_row_int=\count351
\l__nicematrix_first_col_int=\count352
\l__nicematrix_last_row_int=\count353
\l__nicematrix_last_col_int=\count354
\c@tabularnote=\count355
\g__nicematrix_tabularnote_int=\count356
\c@nicematrix_draft=\count357
\l__nicematrix_xdots_inter_dim=\dimen310
\l__nicematrix_xdots_shorten_start_dim=\dimen311
\l__nicematrix_xdots_shorten_end_dim=\dimen312
\l__nicematrix_xdots_radius_dim=\dimen313
\l__nicematrix_width_of_false_dim=\dimen314
\l__nicematrix_brace_shift_dim=\dimen315
\l__nicematrix_trees_line_width_dim=\dimen316
\l__nicematrix_trees_rounded_corners_dim=\dimen317
\l__nicematrix_tab_rounded_corners_dim=\dimen318
\l__nicematrix_cell_space_top_limit_dim=\dimen319
\l__nicematrix_cell_space_bottom_limit_dim=\dimen320
\l__nicematrix_left_margin_dim=\dimen321
\l__nicematrix_right_margin_dim=\dimen322
\l__nicematrix_extra_left_margin_dim=\dimen323
\l__nicematrix_extra_right_margin_dim=\dimen324
\c__nicematrix_max_l_dim=\dimen325
\l__nicematrix_rounded_corners_dim=\dimen326
\l__nicematrix_position_int=\count358
\l__nicematrix_start_int=\count359
\l__nicematrix_end_int=\count360
\l__nicematrix_line_width_dim=\dimen327
\l__nicematrix_xoffset_dim=\dimen328
\l__nicematrix_yoffset_dim=\dimen329
\l__nicematrix_submatrix_extra_height_dim=\dimen330
\l__nicematrix_submatrix_left_xshift_dim=\dimen331
\l__nicematrix_submatrix_right_xshift_dim=\dimen332
\l__nicematrix_brace_yshift_dim=\dimen333
) (/shared/cycle1_iit_perets_prj/users/ilay.kamai/.TinyTeX/texmf-dist/tex/latex/booktabs/booktabs.sty
Package: booktabs 2020/01/12 v1.61803398 Publication quality tables
\heavyrulewidth=\dimen334
\lightrulewidth=\dimen335
\cmidrulewidth=\dimen336
\belowrulesep=\dimen337
\belowbottomsep=\dimen338
\aboverulesep=\dimen339
\abovetopsep=\dimen340
\cmidrulesep=\dimen341
\cmidrulekern=\dimen342
\defaultaddspace=\dimen343
\@cmidla=\count361
\@cmidlb=\count362
\@aboverulesep=\dimen344
\@belowrulesep=\dimen345
\@thisruleclass=\count363
\@lastruleclass=\count364
\@thisrulewidth=\dimen346
) (/shared/cycle1_iit_perets_prj/users/ilay.kamai/.TinyTeX/texmf-dist/tex/latex/algorithms/algorithm.sty
Package: algorithm 2009/08/24 v0.1 Document Style `algorithm' - floating environment
 (/shared/cycle1_iit_perets_prj/users/ilay.kamai/.TinyTeX/texmf-dist/tex/latex/float/float.sty
Package: float 2001/11/08 v1.3d Float enhancements (AL)
\c@float@type=\count365
\float@exts=\toks46
\float@box=\box68
\@float@everytoks=\toks47
\@floatcapt=\box69
) (/shared/cycle1_iit_perets_prj/users/ilay.kamai/.TinyTeX/texmf-dist/tex/latex/base/ifthen.sty
Package: ifthen 2024/03/16 v1.1e Standard LaTeX ifthen package (DPC)
)
\@float@every@algorithm=\toks48
\c@algorithm=\count366
) (/shared/cycle1_iit_perets_prj/users/ilay.kamai/.TinyTeX/texmf-dist/tex/latex/algorithms/algorithmic.sty
Package: algorithmic 2009/08/24 v0.1 Document Style `algorithmic'
\c@ALC@unique=\count367
\c@ALC@line=\count368
\c@ALC@rem=\count369
\c@ALC@depth=\count370
\ALC@tlm=\skip74
\algorithmicindent=\skip75
) (/shared/cycle1_iit_perets_prj/users/ilay.kamai/.TinyTeX/texmf-dist/tex/latex/enumitem/enumitem.sty
Package: enumitem 2025/02/06 v3.11 Customized lists
\labelindent=\skip76
\enit@outerparindent=\dimen347
\enit@toks=\toks49
\enit@inbox=\box70
\enit@count@id=\count371
\enitdp@description=\count372
)
\c@tabularnotesi=\count373
\enitdp@tabularnotes=\count374
\c@tabularnotes*i=\count375
\enitdp@tabularnotes*=\count376
 (/shared/cycle1_iit_perets_prj/users/ilay.kamai/.TinyTeX/texmf-dist/tex/latex/multirow/multirow.sty
Package: multirow 2024/11/12 v2.9 Span multiple rows of a table
\multirow@colwidth=\skip77
\multirow@cntb=\count377
\multirow@dima=\skip78
\bigstrutjot=\dimen348
)
\c@theorem=\count378
 (/shared/cycle1_iit_perets_prj/users/ilay.kamai/.TinyTeX/texmf-dist/tex/latex/thmtools/thm-restate.sty
Package: thm-restate 2023/05/04 v0.76
 (/shared/cycle1_iit_perets_prj/users/ilay.kamai/.TinyTeX/texmf-dist/tex/latex/thmtools/thmtools.sty
Package: thmtools 2023/05/04 v0.76
\thmt@toks=\toks50
\c@thmt@dummyctr=\count379
 (/shared/cycle1_iit_perets_prj/users/ilay.kamai/.TinyTeX/texmf-dist/tex/latex/thmtools/thm-patch.sty
Package: thm-patch 2023/05/04 v0.76
 (/shared/cycle1_iit_perets_prj/users/ilay.kamai/.TinyTeX/texmf-dist/tex/latex/thmtools/parseargs.sty
Package: parseargs 2023/05/04 v0.76
\@parsespec=\toks51
)) (/shared/cycle1_iit_perets_prj/users/ilay.kamai/.TinyTeX/texmf-dist/tex/latex/thmtools/thm-kv.sty
Package: thm-kv 2023/05/04 v0.76
Package thm-kv Info: Theorem names will be uppercased on input line 42.
Package thm-kv Info: kvsetkeys patch (v1.16 or later) on input line 158.
) (/shared/cycle1_iit_perets_prj/users/ilay.kamai/.TinyTeX/texmf-dist/tex/latex/thmtools/thm-autoref.sty
Package: thm-autoref 2023/05/04 v0.76
 (/shared/cycle1_iit_perets_prj/users/ilay.kamai/.TinyTeX/texmf-dist/tex/latex/thmtools/aliasctr.sty
Package: aliasctr 2023/05/04 v0.76
)) (/shared/cycle1_iit_perets_prj/users/ilay.kamai/.TinyTeX/texmf-dist/tex/latex/thmtools/thm-listof.sty
Package: thm-listof 2023/05/04 v0.76
) (/shared/cycle1_iit_perets_prj/users/ilay.kamai/.TinyTeX/texmf-dist/tex/latex/thmtools/thm-amsthm.sty
Package: thm-amsthm 2023/05/04 v0.76
\thmt@style@headstyle=\toks52
)))
LaTeX Font Info:    Overwriting math alphabet `\mathsfit' in version `bold'
(Font)                  T1/phv/m/sl --> T1/phv/bx/n on input line 418.
 (/shared/cycle1_iit_perets_prj/users/ilay.kamai/.TinyTeX/texmf-dist/tex/latex/tcolorbox/tcolorbox.sty
Package: tcolorbox 2026/05/28 version 6.10.0 text color boxes
 (/shared/cycle1_iit_perets_prj/users/ilay.kamai/.TinyTeX/texmf-dist/tex/latex/pgf/frontendlayer/tikz.sty (/shared/cycle1_iit_perets_prj/users/ilay.kamai/.TinyTeX/texmf-dist/tex/latex/pgf/basiclayer/pgf.sty
Package: pgf 2026-08-01 v3.1.12 (3.1.12)

(/shared/cycle1_iit_perets_prj/users/ilay.kamai/.TinyTeX/texmf-dist/tex/generic/pgf/modules/pgfmoduleplot.code.tex
File: pgfmoduleplot.code.tex 2026-08-01 v3.1.12 (3.1.12)
) (/shared/cycle1_iit_perets_prj/users/ilay.kamai/.TinyTeX/texmf-dist/tex/latex/pgf/compatibility/pgfcomp-version-0-65.sty
Package: pgfcomp-version-0-65 2026-08-01 v3.1.12 (3.1.12)
\pgf@nodesepstart=\dimen349
\pgf@nodesepend=\dimen350
) (/shared/cycle1_iit_perets_prj/users/ilay.kamai/.TinyTeX/texmf-dist/tex/latex/pgf/compatibility/pgfcomp-version-1-18.sty
Package: pgfcomp-version-1-18 2026-08-01 v3.1.12 (3.1.12)
)) (/shared/cycle1_iit_perets_prj/users/ilay.kamai/.TinyTeX/texmf-dist/tex/latex/pgf/utilities/pgffor.sty (/shared/cycle1_iit_perets_prj/users/ilay.kamai/.TinyTeX/texmf-dist/tex/latex/pgf/utilities/pgfkeys.sty (/shared/cycle1_iit_perets_prj/users/ilay.kamai/.TinyTeX/texmf-dist/tex/generic/pgf/utilities/pgfkeys.code.tex)) (/shared/cycle1_iit_perets_prj/users/ilay.kamai/.TinyTeX/texmf-dist/tex/latex/pgf/math/pgfmath.sty (/shared/cycle1_iit_perets_prj/users/ilay.kamai/.TinyTeX/texmf-dist/tex/generic/pgf/math/pgfmath.code.tex)) (/shared/cycle1_iit_perets_prj/users/ilay.kamai/.TinyTeX/texmf-dist/tex/generic/pgf/utilities/pgffor.code.tex
Package: pgffor 2026-08-01 v3.1.12 (3.1.12)
\pgffor@iter=\dimen351
\pgffor@skip=\dimen352
\pgffor@stack=\toks53
\pgffor@toks=\toks54
)) (/shared/cycle1_iit_perets_prj/users/ilay.kamai/.TinyTeX/texmf-dist/tex/generic/pgf/frontendlayer/tikz/tikz.code.tex
Package: tikz 2026-08-01 v3.1.12 (3.1.12)
 (/shared/cycle1_iit_perets_prj/users/ilay.kamai/.TinyTeX/texmf-dist/tex/generic/pgf/libraries/pgflibraryplothandlers.code.tex
File: pgflibraryplothandlers.code.tex 2026-08-01 v3.1.12 (3.1.12)
\pgf@plot@mark@count=\count380
\pgfplotmarksize=\dimen353
)
\tikz@lastx=\dimen354
\tikz@lasty=\dimen355
\tikz@lastxsaved=\dimen356
\tikz@lastysaved=\dimen357
\tikz@lastmovetox=\dimen358
\tikz@lastmovetoy=\dimen359
\tikzleveldistance=\dimen360
\tikzsiblingdistance=\dimen361
\tikz@figbox=\box71
\tikz@figbox@bg=\box72
\tikz@tempbox=\box73
\tikz@tempbox@bg=\box74
\tikztreelevel=\count381
\tikznumberofchildren=\count382
\tikznumberofcurrentchild=\count383
\tikz@fig@count=\count384
 (/shared/cycle1_iit_perets_prj/users/ilay.kamai/.TinyTeX/texmf-dist/tex/generic/pgf/modules/pgfmodulematrix.code.tex
File: pgfmodulematrix.code.tex 2026-08-01 v3.1.12 (3.1.12)
\pgfmatrixcurrentrow=\count385
\pgfmatrixcurrentcolumn=\count386
\pgf@matrix@numberofcolumns=\count387
)
\tikz@expandcount=\count388
 (/shared/cycle1_iit_perets_prj/users/ilay.kamai/.TinyTeX/texmf-dist/tex/generic/pgf/frontendlayer/tikz/libraries/tikzlibrarytopaths.code.tex
File: tikzlibrarytopaths.code.tex 2026-08-01 v3.1.12 (3.1.12)
))) (/shared/cycle1_iit_perets_prj/users/ilay.kamai/.TinyTeX/texmf-dist/tex/latex/tools/verbatim.sty
Package: verbatim 2024-01-22 v1.5x LaTeX2e package for verbatim enhancements
\every@verbatim=\toks55
\verbatim@line=\toks56
\verbatim@in@stream=\read3
)
\tcb@titlebox=\box75
\tcb@upperbox=\box76
\tcb@lowerbox=\box77
\tcb@phantombox=\box78
\c@tcbbreakpart=\count389
\c@tcblayer=\count390
\c@tcolorbox@number=\count391
\l__tcobox_tmpa_box=\box79
\l__tcobox_tmpa_dim=\dimen362
\tcb@temp=\box80
\tcb@temp=\box81
\tcb@temp=\box82
\tcb@temp=\box83
 (/shared/cycle1_iit_perets_prj/users/ilay.kamai/.TinyTeX/texmf-dist/tex/latex/tcolorbox/tcbraster.code.tex
Library (tcolorbox): 'tcbraster.code.tex' version '6.10.0'
\c@tcbrastercolumn=\count392
\c@tcbrasterrow=\count393
\c@tcbrasternum=\count394
\c@tcbraster=\count395
) (/shared/cycle1_iit_perets_prj/users/ilay.kamai/.TinyTeX/texmf-dist/tex/latex/tcolorbox/tcbskins.code.tex
Library (tcolorbox): 'tcbskins.code.tex' version '6.10.0'
(/shared/cycle1_iit_perets_prj/users/ilay.kamai/.TinyTeX/texmf-dist/tex/latex/tikzfill/tikzfill.image.sty
Package: tikzfill.image 2026/04/23 v1.2.0 Image filling library for TikZ
 (/shared/cycle1_iit_perets_prj/users/ilay.kamai/.TinyTeX/texmf-dist/tex/latex/tikzfill/tikzlibraryfill.image.code.tex
File: tikzlibraryfill.image.code.tex 2026/04/23 v1.2.0 Image filling library
\l__tikzfill_tmpa_dim=\dimen363
\l__tikzfill_tmpb_dim=\dimen364
\l__tikzfill_img_box=\box84
)) (/shared/cycle1_iit_perets_prj/users/ilay.kamai/.TinyTeX/texmf-dist/tex/latex/tcolorbox/tcbskinsjigsaw.code.tex
Library (tcolorbox): 'tcbskinsjigsaw.code.tex' version '6.10.0'
)) (/shared/cycle1_iit_perets_prj/users/ilay.kamai/.TinyTeX/texmf-dist/tex/latex/tcolorbox/tcbbreakable.code.tex
Library (tcolorbox): 'tcbbreakable.code.tex' version '6.10.0'
(/shared/cycle1_iit_perets_prj/users/ilay.kamai/.TinyTeX/texmf-dist/tex/latex/pdfcol/pdfcol.sty
Package: pdfcol 2026-06-20 v1.8 Handle new color stacks for pdfTeX (HO)
 (/shared/cycle1_iit_perets_prj/users/ilay.kamai/.TinyTeX/texmf-dist/tex/generic/infwarerr/infwarerr.sty
Package: infwarerr 2019/12/03 v1.5 Providing info/warning/error messages (HO)
))
Package pdfcol Info: New color stack `tcb@breakable' = 1 on input line 23.
\tcb@testbox=\box85
\tcb@totalupperbox=\box86
\tcb@totallowerbox=\box87
) (/shared/cycle1_iit_perets_prj/users/ilay.kamai/.TinyTeX/texmf-dist/tex/latex/tcolorbox/tcbhooks.code.tex
Library (tcolorbox): 'tcbhooks.code.tex' version '6.10.0'
) (/shared/cycle1_iit_perets_prj/users/ilay.kamai/.TinyTeX/texmf-dist/tex/latex/tcolorbox/tcbtheorems.code.tex
Library (tcolorbox): 'tcbtheorems.code.tex' version '6.10.0'
) (/shared/cycle1_iit_perets_prj/users/ilay.kamai/.TinyTeX/texmf-dist/tex/latex/tcolorbox/tcbfitting.code.tex
Library (tcolorbox): 'tcbfitting.code.tex' version '6.10.0'
\tcbfitdim=\dimen365
\tcb@lowerfitdim=\dimen366
\tcb@upperfitdim=\dimen367
\tcb@cur@hbadness=\count396
) (/shared/cycle1_iit_perets_prj/users/ilay.kamai/.TinyTeX/texmf-dist/tex/latex/tcolorbox/tcblistingsutf8.code.tex
Library (tcolorbox): 'tcblistingsutf8.code.tex' version '6.10.0'
(/shared/cycle1_iit_perets_prj/users/ilay.kamai/.TinyTeX/texmf-dist/tex/latex/tcolorbox/tcblistings.code.tex
Library (tcolorbox): 'tcblistings.code.tex' version '6.10.0'
(/shared/cycle1_iit_perets_prj/users/ilay.kamai/.TinyTeX/texmf-dist/tex/latex/listings/listings.sty
\lst@mode=\count397
\lst@gtempboxa=\box88
\lst@token=\toks57
\lst@length=\count398
\lst@currlwidth=\dimen368
\lst@column=\count399
\lst@pos=\count400
\lst@lostspace=\dimen369
\lst@width=\dimen370
\lst@newlines=\count401
\lst@lineno=\count402
\lst@maxwidth=\dimen371
 (/shared/cycle1_iit_perets_prj/users/ilay.kamai/.TinyTeX/texmf-dist/tex/latex/listings/lstpatch.sty
File: lstpatch.sty 2025/11/14 1.11b (Carsten Heinz)
) (/shared/cycle1_iit_perets_prj/users/ilay.kamai/.TinyTeX/texmf-dist/tex/latex/listings/lstmisc.sty
File: lstmisc.sty 2025/11/14 1.11b (Carsten Heinz)
\c@lstnumber=\count403
\lst@skipnumbers=\count404
\lst@framebox=\box89
) (/shared/cycle1_iit_perets_prj/users/ilay.kamai/.TinyTeX/texmf-dist/tex/latex/listings/listings.cfg
File: listings.cfg 2025/11/14 1.11b listings configuration
))
Package: listings 2025/11/14 1.11b (Carsten Heinz)
 (/shared/cycle1_iit_perets_prj/users/ilay.kamai/.TinyTeX/texmf-dist/tex/latex/tcolorbox/tcblistingscore.code.tex
Library (tcolorbox): 'tcblistingscore.code.tex' version '6.10.0'
(/shared/cycle1_iit_perets_prj/users/ilay.kamai/.TinyTeX/texmf-dist/tex/latex/tcolorbox/tcbprocessing.code.tex
Library (tcolorbox): 'tcbprocessing.code.tex' version '6.10.0'
)
\c@tcblisting=\count405
)) (/shared/cycle1_iit_perets_prj/users/ilay.kamai/.TinyTeX/texmf-dist/tex/latex/listingsutf8/listingsutf8.sty
Package: listingsutf8 2019-12-10 v1.5 Allow UTF-8 in listings input (HO)
 (/shared/cycle1_iit_perets_prj/users/ilay.kamai/.TinyTeX/texmf-dist/tex/generic/pdftexcmds/pdftexcmds.sty
Package: pdftexcmds 2020-06-27 v0.33 Utility functions of pdfTeX for LuaTeX (HO)
Package pdftexcmds Info: \pdf@primitive is available.
Package pdftexcmds Info: \pdf@ifprimitive is available.
Package pdftexcmds Info: \pdfdraftmode found.
) (/shared/cycle1_iit_perets_prj/users/ilay.kamai/.TinyTeX/texmf-dist/tex/generic/stringenc/stringenc.sty
Package: stringenc 2019/11/29 v1.12 Convert strings between diff. encodings (HO)
 (/shared/cycle1_iit_perets_prj/users/ilay.kamai/.TinyTeX/texmf-dist/tex/generic/pdfescape/pdfescape.sty
Package: pdfescape 2019/12/09 v1.15 Implements pdfTeX's escape features (HO)
)))) (/shared/cycle1_iit_perets_prj/users/ilay.kamai/.TinyTeX/texmf-dist/tex/latex/tcolorbox/tcbexternal.code.tex
Library (tcolorbox): 'tcbexternal.code.tex' version '6.10.0'
) (/shared/cycle1_iit_perets_prj/users/ilay.kamai/.TinyTeX/texmf-dist/tex/latex/tcolorbox/tcbmagazine.code.tex
Library (tcolorbox): 'tcbmagazine.code.tex' version '6.10.0'
) (/shared/cycle1_iit_perets_prj/users/ilay.kamai/.TinyTeX/texmf-dist/tex/latex/tcolorbox/tcbvignette.code.tex
Library (tcolorbox): 'tcbvignette.code.tex' version '6.10.0'
(/shared/cycle1_iit_perets_prj/users/ilay.kamai/.TinyTeX/texmf-dist/tex/generic/pgf/frontendlayer/tikz/libraries/tikzlibraryfadings.code.tex
File: tikzlibraryfadings.code.tex 2026-08-01 v3.1.12 (3.1.12)
 (/shared/cycle1_iit_perets_prj/users/ilay.kamai/.TinyTeX/texmf-dist/tex/generic/pgf/libraries/pgflibraryfadings.code.tex
File: pgflibraryfadings.code.tex 2026-08-01 v3.1.12 (3.1.12)
))) (/shared/cycle1_iit_perets_prj/users/ilay.kamai/.TinyTeX/texmf-dist/tex/latex/tcolorbox/tcbposter.code.tex
Library (tcolorbox): 'tcbposter.code.tex' version '6.10.0'
))) (/shared/cycle1_iit_perets_prj/users/ilay.kamai/.TinyTeX/texmf-dist/tex/latex/caption/subcaption.sty
Package: subcaption 2023/07/28 v1.6b Sub-captions (AR)
 (/shared/cycle1_iit_perets_prj/users/ilay.kamai/.TinyTeX/texmf-dist/tex/latex/caption/caption.sty
Package: caption 2023/08/05 v3.6o Customizing captions (AR)
 (/shared/cycle1_iit_perets_prj/users/ilay.kamai/.TinyTeX/texmf-dist/tex/latex/caption/caption3.sty
Package: caption3 2023/07/31 v2.4d caption3 kernel (AR)
\caption@tempdima=\dimen372
\captionmargin=\dimen373
\caption@leftmargin=\dimen374
\caption@rightmargin=\dimen375
\caption@width=\dimen376
\caption@indent=\dimen377
\caption@parindent=\dimen378
\caption@hangindent=\dimen379
Package caption Info: Standard document class detected.
)
\c@caption@flags=\count406
\c@continuedfloat=\count407
Package caption Info: float package is loaded.
Package caption Info: listings package is loaded.
Package caption Info: wrapfig package is loaded.
)
Package caption Info: New subtype `subfigure' on input line 238.
\c@subfigure=\count408
Package caption Info: New subtype `subtable' on input line 238.
\c@subtable=\count409
) (/shared/cycle1_iit_perets_prj/users/ilay.kamai/.TinyTeX/texmf-dist/tex/latex/stmaryrd/stmaryrd.sty
Package: stmaryrd 1994/03/03 St Mary's Road symbol package
\symstmry=\mathgroup9
LaTeX Font Info:    Overwriting symbol font `stmry' in version `bold'
(Font)                  U/stmry/m/n --> U/stmry/b/n on input line 89.
) (/shared/cycle1_iit_perets_prj/users/ilay.kamai/.TinyTeX/texmf-dist/tex/generic/pgf/frontendlayer/tikz/libraries/tikzlibrarypositioning.code.tex
File: tikzlibrarypositioning.code.tex 2026-08-01 v3.1.12 (3.1.12)
) (/shared/cycle1_iit_perets_prj/users/ilay.kamai/.TinyTeX/texmf-dist/tex/generic/pgf/libraries/pgflibraryarrows.meta.code.tex
File: pgflibraryarrows.meta.code.tex 2026-08-01 v3.1.12 (3.1.12)
\pgfarrowinset=\dimen380
\pgfarrowlength=\dimen381
\pgfarrowwidth=\dimen382
\pgfarrowlinewidth=\dimen383
) (/shared/cycle1_iit_perets_prj/users/ilay.kamai/.TinyTeX/texmf-dist/tex/generic/pgf/frontendlayer/tikz/libraries/tikzlibraryfit.code.tex
File: tikzlibraryfit.code.tex 2026-08-01 v3.1.12 (3.1.12)
) (/shared/cycle1_iit_perets_prj/users/ilay.kamai/.TinyTeX/texmf-dist/tex/generic/pgf/frontendlayer/tikz/libraries/tikzlibrarybackgrounds.code.tex
File: tikzlibrarybackgrounds.code.tex 2026-08-01 v3.1.12 (3.1.12)
\pgf@layerbox@background=\box90
\pgf@layerboxsaved@background=\box91
) (/shared/cycle1_iit_perets_prj/users/ilay.kamai/.TinyTeX/texmf-dist/tex/generic/pgf/frontendlayer/tikz/libraries/tikzlibrarycalc.code.tex
File: tikzlibrarycalc.code.tex 2026-08-01 v3.1.12 (3.1.12)
) (/shared/cycle1_iit_perets_prj/users/ilay.kamai/.TinyTeX/texmf-dist/tex/latex/hyperref/hyperref.sty
Package: hyperref 2026-06-17 v7.01r Hypertext links for LaTeX
 (/shared/cycle1_iit_perets_prj/users/ilay.kamai/.TinyTeX/texmf-dist/tex/generic/kvdefinekeys/kvdefinekeys.sty
Package: kvdefinekeys 2019-12-19 v1.6 Define keys (HO)
) (/shared/cycle1_iit_perets_prj/users/ilay.kamai/.TinyTeX/texmf-dist/tex/latex/hycolor/hycolor.sty
Package: hycolor 2020-01-27 v1.10 Color options for hyperref/bookmark (HO)
) (/shared/cycle1_iit_perets_prj/users/ilay.kamai/.TinyTeX/texmf-dist/tex/latex/hyperref/nameref.sty
Package: nameref 2026-01-29 v2.58 Cross-referencing by name of section
 (/shared/cycle1_iit_perets_prj/users/ilay.kamai/.TinyTeX/texmf-dist/tex/latex/refcount/refcount.sty
Package: refcount 2019/12/15 v3.6 Data extraction from label references (HO)
) (/shared/cycle1_iit_perets_prj/users/ilay.kamai/.TinyTeX/texmf-dist/tex/generic/gettitlestring/gettitlestring.sty
Package: gettitlestring 2019/12/15 v1.6 Cleanup title references (HO)
)
\c@section@level=\count410
)
\@linkdim=\dimen384
\Hy@linkcounter=\count411
\Hy@pagecounter=\count412
 (/shared/cycle1_iit_perets_prj/users/ilay.kamai/.TinyTeX/texmf-dist/tex/latex/hyperref/pd1enc.def
File: pd1enc.def 2026-06-17 v7.01r Hyperref: PDFDocEncoding definition (HO)
Now handling font encoding PD1 ...
... no UTF-8 mapping file for font encoding PD1
) (/shared/cycle1_iit_perets_prj/users/ilay.kamai/.TinyTeX/texmf-dist/tex/generic/intcalc/intcalc.sty
Package: intcalc 2019/12/15 v1.3 Expandable calculations with integers (HO)
)
\Hy@SavedSpaceFactor=\count413
 (/shared/cycle1_iit_perets_prj/users/ilay.kamai/.TinyTeX/texmf-dist/tex/latex/hyperref/puenc.def
File: puenc.def 2026-06-17 v7.01r Hyperref: PDF Unicode definition (HO)
Now handling font encoding PU ...
... no UTF-8 mapping file for font encoding PU
)
Package hyperref Info: Option `colorlinks' set `false' on input line 4070.
Package hyperref Info: Hyper figures OFF on input line 4199.
Package hyperref Info: Link nesting OFF on input line 4204.
Package hyperref Info: Hyper index ON on input line 4207.
Package hyperref Info: Plain pages OFF on input line 4214.
Package hyperref Info: Backreferencing OFF on input line 4219.
Package hyperref Info: Implicit mode ON; LaTeX internals redefined.
Package hyperref Info: Bookmarks ON on input line 4466.
\c@Hy@tempcnt=\count414
 (/shared/cycle1_iit_perets_prj/users/ilay.kamai/.TinyTeX/texmf-dist/tex/latex/url/url.sty
\Urlmuskip=\muskip18
Package: url 2013/09/16  ver 3.4  Verb mode for urls, etc.
)
LaTeX Info: Redefining \url on input line 4805.
\XeTeXLinkMargin=\dimen385
 (/shared/cycle1_iit_perets_prj/users/ilay.kamai/.TinyTeX/texmf-dist/tex/generic/bitset/bitset.sty
Package: bitset 2019/12/09 v1.3 Handle bit-vector datatype (HO)
 (/shared/cycle1_iit_perets_prj/users/ilay.kamai/.TinyTeX/texmf-dist/tex/generic/bigintcalc/bigintcalc.sty
Package: bigintcalc 2019/12/15 v1.5 Expandable calculations on big integers (HO)
))
\Fld@menulength=\count415
\Field@Width=\dimen386
\Fld@charsize=\dimen387
Package hyperref Info: Hyper figures OFF on input line 6091.
Package hyperref Info: Link nesting OFF on input line 6096.
Package hyperref Info: Hyper index ON on input line 6099.
Package hyperref Info: backreferencing OFF on input line 6106.
Package hyperref Info: Link coloring OFF on input line 6111.
Package hyperref Info: Link coloring with OCG OFF on input line 6116.
Package hyperref Info: PDF/A mode OFF on input line 6121.
\Hy@abspage=\count416
\c@Item=\count417
\c@Hfootnote=\count418
)
Package hyperref Info: Driver (autodetected): hpdftex.
 (/shared/cycle1_iit_perets_prj/users/ilay.kamai/.TinyTeX/texmf-dist/tex/latex/hyperref/hpdftex.def
File: hpdftex.def 2026-06-17 v7.01r Hyperref driver for pdfTeX
\Fld@listcount=\count419
\c@bookmark@seq@number=\count420
 (/shared/cycle1_iit_perets_prj/users/ilay.kamai/.TinyTeX/texmf-dist/tex/latex/rerunfilecheck/rerunfilecheck.sty
Package: rerunfilecheck 2025-06-21 v1.11 Rerun checks for auxiliary files (HO)
 (/shared/cycle1_iit_perets_prj/users/ilay.kamai/.TinyTeX/texmf-dist/tex/generic/uniquecounter/uniquecounter.sty
Package: uniquecounter 2019/12/15 v1.4 Provide unlimited unique counter (HO)
)
Package uniquecounter Info: New unique counter `rerunfilecheck' on input line 284.
)
\Hy@SectionHShift=\skip79
) (/shared/cycle1_iit_perets_prj/users/ilay.kamai/.TinyTeX/texmf-dist/tex/latex/cleveref/cleveref.sty
Package: cleveref 2018/03/27 v0.21.4 Intelligent cross-referencing
Package cleveref Info: `hyperref' support loaded on input line 2370.
LaTeX Info: Redefining \cref on input line 2370.
LaTeX Info: Redefining \Cref on input line 2370.
LaTeX Info: Redefining \crefrange on input line 2370.
LaTeX Info: Redefining \Crefrange on input line 2370.
LaTeX Info: Redefining \cpageref on input line 2370.
LaTeX Info: Redefining \Cpageref on input line 2370.
LaTeX Info: Redefining \cpagerefrange on input line 2370.
LaTeX Info: Redefining \Cpagerefrange on input line 2370.
LaTeX Info: Redefining \labelcref on input line 2370.
LaTeX Info: Redefining \labelcpageref on input line 2370.
Package cleveref Info: `amsthm' support loaded on input line 3026.
Package cleveref Info: `listings' support loaded on input line 3131.
Package cleveref Info: always capitalise cross-reference names on input line 7830.
Package cleveref Info: always capitalise cross-reference names on input line 7852.
Package cleveref Info: no abbreviation of names on input line 7852.
)
==> First Aid for cleveref.sty applied!
(/shared/cycle1_iit_perets_prj/users/ilay.kamai/.TinyTeX/texmf-dist/tex/generic/pgf/frontendlayer/tikz/libraries/tikzlibrarydecorations.pathmorphing.code.tex (/shared/cycle1_iit_perets_prj/users/ilay.kamai/.TinyTeX/texmf-dist/tex/generic/pgf/frontendlayer/tikz/libraries/tikzlibrarydecorations.code.tex (/shared/cycle1_iit_perets_prj/users/ilay.kamai/.TinyTeX/texmf-dist/tex/generic/pgf/modules/pgfmoduledecorations.code.tex
\pgfdecoratedcompleteddistance=\dimen388
\pgfdecoratedremainingdistance=\dimen389
\pgfdecoratedinputsegmentcompleteddistance=\dimen390
\pgfdecoratedinputsegmentremainingdistance=\dimen391
\pgf@decorate@distancetomove=\dimen392
\pgf@decorate@repeatstate=\count421
\pgfdecorationsegmentamplitude=\dimen393
\pgfdecorationsegmentlength=\dimen394
)
\tikz@lib@dec@box=\box92
) (/shared/cycle1_iit_perets_prj/users/ilay.kamai/.TinyTeX/texmf-dist/tex/generic/pgf/libraries/decorations/pgflibrarydecorations.pathmorphing.code.tex)) (/shared/cycle1_iit_perets_prj/users/ilay.kamai/.TinyTeX/texmf-dist/tex/generic/pgf/frontendlayer/tikz/libraries/tikzlibrarydecorations.shapes.code.tex (/shared/cycle1_iit_perets_prj/users/ilay.kamai/.TinyTeX/texmf-dist/tex/generic/pgf/libraries/decorations/pgflibrarydecorations.shapes.code.tex)) (/shared/cycle1_iit_perets_prj/users/ilay.kamai/.TinyTeX/texmf-dist/tex/generic/pgf/frontendlayer/tikz/libraries/tikzlibraryshapes.geometric.code.tex
File: tikzlibraryshapes.geometric.code.tex 2026-08-01 v3.1.12 (3.1.12)
 (/shared/cycle1_iit_perets_prj/users/ilay.kamai/.TinyTeX/texmf-dist/tex/generic/pgf/libraries/shapes/pgflibraryshapes.geometric.code.tex
File: pgflibraryshapes.geometric.code.tex 2026-08-01 v3.1.12 (3.1.12)
)) (/shared/cycle1_iit_perets_prj/users/ilay.kamai/.TinyTeX/texmf-dist/tex/latex/todonotes/todonotes.sty
Package: todonotes 2024/01/05 v1.1.7 Todonotes source and documentation.
Package: todonotes 2024/01/05
 (/shared/cycle1_iit_perets_prj/users/ilay.kamai/.TinyTeX/texmf-dist/tex/latex/xkeyval/xkeyval.sty
Package: xkeyval 2025/11/04 v2.10 package option processing (HA)
 (/shared/cycle1_iit_perets_prj/users/ilay.kamai/.TinyTeX/texmf-dist/tex/generic/xkeyval/xkeyval.tex (/shared/cycle1_iit_perets_prj/users/ilay.kamai/.TinyTeX/texmf-dist/tex/generic/xkeyval/xkvutils.tex
\XKV@toks=\toks58
\XKV@tempa@toks=\toks59
\XKV@tempb@toks=\toks60
)
\XKV@depth=\count422
File: xkeyval.tex 2014/12/03 v2.7a key=value parser (HA)
))
\c@@todonotes@numberoftodonotes=\count423
) (/shared/cycle1_iit_perets_prj/users/ilay.kamai/.TinyTeX/texmf-dist/tex/latex/l3kernel/l3backend-pdftex.def
File: l3backend-pdftex.def 2026-08-10 L3 backend support: PDF output (pdfTeX)
\l__color_backend_stack_int=\count424
) (./main.aux)
\openout1 = `main.aux'.

LaTeX Font Info:    Checking defaults for OML/cmm/m/it on input line 85.
LaTeX Font Info:    ... okay on input line 85.
LaTeX Font Info:    Checking defaults for OMS/cmsy/m/n on input line 85.
LaTeX Font Info:    ... okay on input line 85.
LaTeX Font Info:    Checking defaults for OT1/cmr/m/n on input line 85.
LaTeX Font Info:    ... okay on input line 85.
LaTeX Font Info:    Checking defaults for T1/cmr/m/n on input line 85.
LaTeX Font Info:    ... okay on input line 85.
LaTeX Font Info:    Checking defaults for TS1/cmr/m/n on input line 85.
LaTeX Font Info:    ... okay on input line 85.
LaTeX Font Info:    Checking defaults for OMX/cmex/m/n on input line 85.
LaTeX Font Info:    ... okay on input line 85.
LaTeX Font Info:    Checking defaults for U/cmr/m/n on input line 85.
LaTeX Font Info:    ... okay on input line 85.
LaTeX Font Info:    Checking defaults for PD1/pdf/m/n on input line 85.
LaTeX Font Info:    ... okay on input line 85.
LaTeX Font Info:    Checking defaults for PU/pdf/m/n on input line 85.
LaTeX Font Info:    ... okay on input line 85.

*geometry* driver: auto-detecting
*geometry* detected driver: pdftex
*geometry* verbose mode - [ preamble ] result:
* driver: pdftex
* paper: letterpaper
* layout: <same size as paper>
* layoutoffset:(h,v)=(0.0pt,0.0pt)
* modes: 
* h-part:(L,W,R)=(92.14519pt, 430.00462pt, 92.14519pt)
* v-part:(T,H,B)=(95.39737pt, 556.47656pt, 143.09605pt)
* \paperwidth=614.295pt
* \paperheight=794.96999pt
* \textwidth=430.00462pt
* \textheight=556.47656pt
* \oddsidemargin=19.8752pt
* \evensidemargin=19.8752pt
* \topmargin=-13.87262pt
* \headheight=12.0pt
* \headsep=25.0pt
* \topskip=10.0pt
* \footskip=30.0pt
* \marginparwidth=65.0pt
* \marginparsep=11.0pt
* \columnsep=10.0pt
* \skip\footins=9.0pt plus 4.0pt minus 2.0pt
* \hoffset=0.0pt
* \voffset=0.0pt
* \mag=1000
* \@twocolumnfalse
* \@twosidefalse
* \@mparswitchfalse
* \@reversemarginfalse
* (1in=72.27pt=25.4mm, 1cm=28.453pt)

*geometry* verbose mode - [ newgeometry ] result:
* driver: pdftex
* paper: letterpaper
* layout: <same size as paper>
* layoutoffset:(h,v)=(0.0pt,0.0pt)
* modes: 
* h-part:(L,W,R)=(108.405pt, 397.48499pt, 108.40501pt)
* v-part:(T,H,B)=(72.26999pt, 650.43pt, 72.27pt)
* \paperwidth=614.295pt
* \paperheight=794.96999pt
* \textwidth=397.48499pt
* \textheight=650.43pt
* \oddsidemargin=36.13501pt
* \evensidemargin=36.13501pt
* \topmargin=-37.0pt
* \headheight=12.0pt
* \headsep=25.0pt
* \topskip=10.0pt
* \footskip=30.0pt
* \marginparwidth=65.0pt
* \marginparsep=11.0pt
* \columnsep=10.0pt
* \skip\footins=9.0pt plus 4.0pt minus 2.0pt
* \hoffset=0.0pt
* \voffset=0.0pt
* \mag=1000
* \@twocolumnfalse
* \@twosidefalse
* \@mparswitchfalse
* \@reversemarginfalse
* (1in=72.27pt=25.4mm, 1cm=28.453pt)

(/shared/cycle1_iit_perets_prj/users/ilay.kamai/.TinyTeX/texmf-dist/tex/latex/epstopdf-pkg/epstopdf-base.sty
Package: epstopdf-base 2020-01-24 v2.11 Base part for package epstopdf
 (/shared/cycle1_iit_perets_prj/users/ilay.kamai/.TinyTeX/texmf-local/tex/latex/grfext/grfext.sty
Package: grfext 2019/12/03 v1.3 Manage graphics extensions (HO)
)
Package epstopdf-base Info: Redefining graphics rule for `.eps' on input line 485.
Package grfext Info: Graphics extension search list:
(grfext)             [.pdf,.png,.jpg,.mps,.jpeg,.jbig2,.jb2,.PDF,.PNG,.JPG,.JPEG,.JBIG2,.JB2,.eps]
(grfext)             \AppendGraphicsExtensions on input line 504.
 (/shared/cycle1_iit_perets_prj/users/ilay.kamai/.TinyTeX/texmf-dist/tex/latex/latexconfig/epstopdf-sys.cfg
File: epstopdf-sys.cfg 2010/07/13 v1.3 Configuration of (r)epstopdf for TeX Live
))
\c__nicematrix_shift_Ldots_last_row_dim=\dimen395
\c__nicematrix_innersep_middle_dim=\dimen396
\c@lstlisting=\count425
Package caption Info: Begin \AtBeginDocument code.
Package caption Info: hyperref package is loaded.
Package caption Info: End \AtBeginDocument code.
Package hyperref Info: Link coloring OFF on input line 85.
 (./main.out) (./main.out)
\@outlinefile=\write4
\openout4 = `main.out'.

 (./sections/abstract.tex
LaTeX Font Info:    Trying to load font information for T1+phv on input line 3.
 (/shared/cycle1_iit_perets_prj/users/ilay.kamai/.TinyTeX/texmf-dist/tex/latex/psnfss/t1phv.fd
File: t1phv.fd 2020/03/25 scalable font definitions for T1/phv.
)) (./sections/intro.tex [1


{/shared/cycle1_iit_perets_prj/users/ilay.kamai/.TinyTeX/texmf-var/fonts/map/pdftex/updmap/pdftex.map}{/shared/cycle1_iit_perets_prj/users/ilay.kamai/.TinyTeX/texmf-dist/fonts/enc/dvips/base/8r.enc}]
LaTeX Font Info:    Trying to load font information for U+msa on input line 83.
 (/shared/cycle1_iit_perets_prj/users/ilay.kamai/.TinyTeX/texmf-dist/tex/latex/amsfonts/umsa.fd
File: umsa.fd 2013/01/14 v3.01 AMS symbols A
)
LaTeX Font Info:    Trying to load font information for U+msb on input line 83.
 (/shared/cycle1_iit_perets_prj/users/ilay.kamai/.TinyTeX/texmf-dist/tex/latex/amsfonts/umsb.fd
File: umsb.fd 2013/01/14 v3.01 AMS symbols B
)
LaTeX Font Info:    Trying to load font information for U+stmry on input line 83.
 (/shared/cycle1_iit_perets_prj/users/ilay.kamai/.TinyTeX/texmf-dist/tex/latex/stmaryrd/Ustmry.fd)) (./sections/data.tex [2] (./figs/architecture_body.tex)) (./sections/results.tex [3] [4]

LaTeX Warning: `h' float specifier changed to `ht'.

[5]
Overfull \hbox (25.56375pt too wide) in paragraph at lines 205--215
 [][] 
 []


LaTeX Warning: `h' float specifier changed to `ht'.

[6]) (./sections/limitations.tex [7]) (./sections/conclusions.tex) [8] (./main.bbl
Underfull \hbox (badness 1107) in paragraph at lines 21--25
\T1/ptm/m/n/10 Aidan Ac-quah, Chetana Aman-charla, Al-mog Barzilay-Siegal, Pablo Bermejo, Camille
 []

[9

] [10] [11] [12]
Underfull \hbox (badness 4792) in paragraph at lines 214--219
[]\T1/ptm/m/n/10 Gang Zhao, Yongheng Zhao, Y. Chu, Y. Jing, and L. Deng.  Lam-ost spec-
 []


Underfull \hbox (badness 6236) in paragraph at lines 214--219
\T1/ptm/m/n/10 tral sur-vey ^^V an overview.  \T1/ptm/m/it/10 Re-search in As-tron-omy and As-tro-physics\T1/ptm/m/n/10 , 2012.
 []

[13]) (./sections/appendix.tex [14]) [15] (./main.aux)
 ***********
LaTeX2e <2026-06-01>
L3 programming layer <2026-08-10>
 ***********
Package rerunfilecheck Info: File `main.out' has not changed.
(rerunfilecheck)             Checksum: 4CE5F9CFD118D18D6D3507519AAFE6A6;3179.
 ) 
Here is how much of TeX's memory you used:
 39541 strings out of 469089
 856477 string characters out of 5459054
 1287369 words of memory out of 5000000
 67856 multiletter control sequences out of 15000+600000
 680040 words of font info for 111 fonts, out of 8000000 for 9000
 14 hyphenation exceptions out of 8191
 100i,11n,110p,3171b,1103s stack positions out of 10000i,1000n,20000p,200000b,200000s
 </shared/cycle1_iit_perets_prj/users/ilay.kamai/.TinyTeX/texmf-var/fonts/pk/ljfour/jknappen/ec/ectt0800.525pk> </shared/cycle1_iit_perets_prj/users/ilay.kamai/.TinyTeX/texmf-var/fonts/pk/ljfour/jknappen/ec/ectt1000.600pk></shared/cycle1_iit_perets_prj/users/ilay.kamai/.TinyTeX/texmf-dist/fonts/type1/public/amsfonts/cm/cmmi10.pfb></shared/cycle1_iit_perets_prj/users/ilay.kamai/.TinyTeX/texmf-dist/fonts/type1/public/amsfonts/cm/cmmi7.pfb></shared/cycle1_iit_perets_prj/users/ilay.kamai/.TinyTeX/texmf-dist/fonts/type1/public/amsfonts/cm/cmmi9.pfb></shared/cycle1_iit_perets_prj/users/ilay.kamai/.TinyTeX/texmf-dist/fonts/type1/public/amsfonts/cm/cmr10.pfb></shared/cycle1_iit_perets_prj/users/ilay.kamai/.TinyTeX/texmf-dist/fonts/type1/public/amsfonts/cm/cmr6.pfb></shared/cycle1_iit_perets_prj/users/ilay.kamai/.TinyTeX/texmf-dist/fonts/type1/public/amsfonts/cm/cmr7.pfb></shared/cycle1_iit_perets_prj/users/ilay.kamai/.TinyTeX/texmf-dist/fonts/type1/public/amsfonts/cm/cmr9.pfb></shared/cycle1_iit_perets_prj/users/ilay.kamai/.TinyTeX/texmf-dist/fonts/type1/public/amsfonts/cm/cmsy10.pfb></shared/cycle1_iit_perets_prj/users/ilay.kamai/.TinyTeX/texmf-dist/fonts/type1/public/amsfonts/cm/cmsy6.pfb></shared/cycle1_iit_perets_prj/users/ilay.kamai/.TinyTeX/texmf-dist/fonts/type1/public/amsfonts/cm/cmsy7.pfb></shared/cycle1_iit_perets_prj/users/ilay.kamai/.TinyTeX/texmf-dist/fonts/type1/public/amsfonts/cm/cmsy9.pfb></shared/cycle1_iit_perets_prj/users/ilay.kamai/.TinyTeX/texmf-dist/fonts/type1/urw/helvetic/uhvr8a.pfb></shared/cycle1_iit_perets_prj/users/ilay.kamai/.TinyTeX/texmf-dist/fonts/type1/urw/times/utmb8a.pfb></shared/cycle1_iit_perets_prj/users/ilay.kamai/.TinyTeX/texmf-dist/fonts/type1/urw/times/utmr8a.pfb></shared/cycle1_iit_perets_prj/users/ilay.kamai/.TinyTeX/texmf-dist/fonts/type1/urw/times/utmri8a.pfb>
Output written on main.pdf (15 pages, 251367 bytes).
PDF statistics:
 477 PDF objects out of 1000 (max. 8388607)
 351 compressed objects within 4 object streams
 93 named destinations out of 1000 (max. 500000)
 285 words of extra memory for PDF output out of 10000 (max. 10000000)

